###############################################################################
#                               [fydeOS.lst]
#                              to boot fydeOS
###############################################################################

#==============================================================================
#####----{菜单入口}----
#------------------------------------------------------------------------------
# NOTE: find rootfs by label (not partion label)
#------------------------------------------------------------------------------
function multiboot_A {
	menuentry "${MENU_FYDEOS_A}" --class "A" --id "fyde" --hotkey "a" {
		search --label --set root FYDEOS-DUAL-BOOT
		set img=/fydeos/fydeos_dual_boot.img
		loopback loopdev $img
		linux /boot/fydeos_vmlinuzA init=/sbin/init \
			root=/fydeos/root boot=local rootwait noresume \
			noswap ro loglevel=7 console= i915.modeset=1 \
			cros_efi cros_debug fydeos_dualboot \
			vtit=/sbin/init audit=0 audit=0 ventoyos=fydeos
		initrd /boot/dual_boot_ramfs.cpio
	}
}
#------------------------------------------------------------------------------
function multiboot_B {
	menuentry "${MENU_FYDEOS_B}" --class "B" --id "fyde" --hotkey "b" {
		search --label --set root FYDEOS-DUAL-BOOT
		set img=/fydeos/fydeos_dual_boot.img
		loopback loopdev $img
		linux /boot/fydeos_vmlinuzB init=/sbin/init \
			root=/fydeos/root boot=local rootwait noresume \
			noswap ro loglevel=7 console= i915.modeset=1 \
			cros_efi cros_debug fydeos_dualboot \
			vtit=/sbin/init audit=0 audit=0 ventoyos=fydeos
		initrd /boot/dual_boot_ramfs.cpio
	}
}
#------------------------------------------------------------------------------
function recovery_tools {
	menuentry "${MENU_RECOVERY}" --class "RE" --id "RE" --hotkey "r" {
		search --label --set root FYDEOS-DUAL-BOOT
		set img=/fydeos/fydeos_dual_boot.img
		loopback loopdev $img
		linux /boot/fydeos_vmlinuzB init=/sbin/init \
			root=/fydeos/root boot=local rootwait noresume \
			noswap ro loglevel=7 console= i915.modeset=1 \
			cros_efi cros_debug \
			vtit=/sbin/init audit=0 audit=0 ventoyos=fydeos
		initrd /boot/core_util_ramfs.cpio
	}
}
#==============================================================================