###############################################################################
#                                  [隐藏.lst]
#                           to list the hidden items
###############################################################################

#==============================================================================
#####----{条件}----
#------------------------------------------------------------------------------
if [ "A" != "${SLOT}" ]; then
	set UNUSED_SLOT=A
else
	set UNUSED_SLOT=B
fi
#------------------------------------------------------------------------------
if [ "关" != "${schedule}" ]; then
	set SWITCH_THEME=switch_theme
else
	set SWITCH_THEME=
fi
#==============================================================================
default=${SELECTED}
#==============================================================================
#####----{返回}----
#------------------------------------------------------------------------------
submenu_back
#==============================================================================

#==============================================================================
#####----{条目}----
#------------------------------------------------------------------------------
${SWITCH_THEME}
#------------------------------------------------------------------------------
recovery_tools
#------------------------------------------------------------------------------
multiboot_${UNUSED_SLOT}
#==============================================================================
global_environment