###############################################################################
#                                 [槽位.lst]
#                     		to list items of slots
###############################################################################

#==============================================================================
#####----{功能}----
#------------------------------------------------------------------------------
function ini_slot {
	ini_get --set=SLOTA ${SET}/槽位.ini ${SLOT}:槽A
	ini_get --set=SLOTB ${SET}/槽位.ini ${SLOT}:槽B
}
#------------------------------------------------------------------------------
function save_slot {
	save_env --file=${cmdpath}/grubenv SLOT
	ini_slot
	export SLOT SLOTA SLOTB
	update_lang
	configfile ${SET}/2-3.槽位.lst
}
#==============================================================================
default=${SLOT}
#==============================================================================
#####----{返回}----
#------------------------------------------------------------------------------
menuentry "${MENU_BACK}" --class "启事/返回" --hotkey "esc" {
	set SELECTED=槽位
	configfile ${SET}/2.设置.lst
}
#==============================================================================
ini_slot
#==============================================================================
#####----{条目}----
#------------------------------------------------------------------------------
menuentry "${SLOTA} ${SUBMENU_A}" --class "槽位/A" --id "A" {
	set SLOT=A
	save_slot
}
#------------------------------------------------------------------------------
menuentry "${SLOTB} ${SUBMENU_B}" --class "槽位/B" --id "B" {
	set SLOT=B
	save_slot
}
#==============================================================================
global_environment